4.076
-1.676
3.4512
0.5
0.417537
1
1
1
0
8
2.82843
9
166.375
