19811
-1234567
90000000
1
-1
1
1
1
1
2147483647
-2147483648
1
1
1
-187